// Jest Snapshot v1, https://goo.gl/fbAQLP

exports[`Display Component Displays footer, image, and header elements 1`] = `
<div
  style={
    Object {
      "bottom": "50px",
      "color": "#FFFFFF",
      "fontFamily": "Impact",
      "fontSize": "4em",
      "letterSpacing": ".03em",
      "lineHeight": "0",
      "position": "relative",
      "textAlign": "center",
      "textTransform": "uppercase",
    }
  }
>
  <p
    style={
      Object {
        "position": "relative",
        "textShadow": "-2px -2px 0 #000, 2px -2px 0 #000, -2px 2px 0 #000, 2px 2px 0 #000",
        "top": "100px",
      }
    }
  />
  <img
    style={
      Object {
        "width": "600px",
      }
    }
  />
  <p
    style={
      Object {
        "bottom": "100px",
        "position": "relative",
        "textShadow": "-2px -2px 0 #000, 2px -2px 0 #000, -2px 2px 0 #000, 2px 2px 0 #000",
      }
    }
  />
</div>
`;
