// Jest Snapshot v1, https://goo.gl/fbAQLP

exports[`display component renders the display 1`] = `
<div
  style={
    Object {
      "alignItems": "center",
      "display": "flex",
      "flexDirection": "column",
      "fontSize": "1.5em",
      "height": "200px",
      "marginLeft": "30px",
      "width": "200px",
    }
  }
>
  <p />
  <img />
  <p />
</div>
`;
