// Jest Snapshot v1, https://goo.gl/fbAQLP

exports[`Display Component text renders the display 1`] = `
<div>
  <Component
    handleChange={[Function]}
    text=""
  />
  <img
    alt="Friday meme"
  >
    https://www.google.com/url?sa=i&source=images&cd=&ved=2ahUKEwiCuJHzzLTiAhXnh1QKHa3BDekQjRx6BAgBEAU&url=https%3A%2F%2Fpreetkamal.com%2F34-very-funny-friday-meme-that-definitely-make-you-smile%2F&psig=AOvVaw2g6JAuHhQLAZoPQR0AcXCa&ust=1558802213391446
  </img>
  <Component
    handleChange={[Function]}
    text=""
  />
</div>
`;
