// Jest Snapshot v1, https://goo.gl/fbAQLP

exports[`Display Component text renders the display 1`] = `
<div>
  <TextSelector
    handleChange={[Function]}
    text=""
  />
  <img
    alt="Friday meme"
  >
    http://preetkamal.com/wp-content/uploads/2019/03/Friday-Meme-Friday-Is-My-Second.jpg
  </img>
  <TextSelector
    handleChange={[Function]}
    text=""
  />
</div>
`;
