// Jest Snapshot v1, https://goo.gl/fbAQLP

exports[`Text Selector tests renders the text selector 1`] = `
<Fragment>
  <input
    name="imageUrl"
    onChange={[MockFunction]}
    placeholder="Image Url"
    value="www.test.com"
  />
  <input
    name="topText"
    onChange={[MockFunction]}
    placeholder="Top Text"
    value="heck"
  />
  <input
    name="bottomText"
    onChange={[MockFunction]}
    placeholder="bottomText"
    value="yes"
  />
</Fragment>
`;
