// Jest Snapshot v1, https://goo.gl/fbAQLP

exports[`meme component renders a meme 1`] = `
<Fragment>
  <TextSelector
    footerText="Enter Your Meme Here"
    handleChange={[Function]}
    headerText="Header Here, Image URL ->"
    image=""
  />
  <Display
    footerText="Enter Your Meme Here"
    headerText="Header Here, Image URL ->"
    image=""
  />
  <p>
    Some More Example Image URLs: 
  </p>
  <ul>
    <li>
      <h5>
        https://tse3.mm.bing.net/th?id=OIP.wNzLFdJrS4WEijtMkpZhFAAAAA&pid=Api
      </h5>
      <img
        src="https://tse3.mm.bing.net/th?id=OIP.wNzLFdJrS4WEijtMkpZhFAAAAA&pid=Api"
      />
    </li>
    <li>
      <h5>
        https://tse3.mm.bing.net/th?id=OIP.eZWLkxZHQ7jjMdlMiHo02AHaK6&pid=Api
      </h5>
      <img
        src="https://tse3.mm.bing.net/th?id=OIP.eZWLkxZHQ7jjMdlMiHo02AHaK6&pid=Api"
      />
    </li>
  </ul>
</Fragment>
`;
