// Jest Snapshot v1, https://goo.gl/fbAQLP

exports[`text selector component handles text input 1`] = `
<Fragment>
  <input
    name="headerText"
    type="text"
  />
  <input
    name="image"
    placeholder="Insert Image URL Here"
    type="text"
  />
  <input
    name="footerText"
    type="text"
  />
</Fragment>
`;
